../Core/Src/main.c:202:7:Log	1
../Core/Src/main.c:222:7:log_hex	2
../Core/Src/main.c:250:6:FRAM_Read	1
../Core/Src/main.c:279:10:CRC32_Calculate	3
../Core/Src/main.c:312:19:Flash_ErasePages	5
../Core/Src/main.c:362:26:RestoreAppFromFRAM	8
../Core/Src/main.c:441:19:JumpToApplication	4
../Core/Src/main.c:522:6:Bootloader_Run	14
../Core/Src/main.c:622:6:Bootloader_Run_Debug	1
../Core/Src/main.c:648:5:main	1
../Core/Src/main.c:698:6:SystemClock_Config	3
../Core/Src/main.c:741:13:MX_IWDG_Init	2
../Core/Src/main.c:769:13:MX_SPI2_Init	2
../Core/Src/main.c:807:13:MX_UART4_Init	2
../Core/Src/main.c:840:13:MX_GPIO_Init	1
../Core/Src/main.c:876:6:Error_Handler	1
