../Core/Src/main.c:200:7:Log	24	static
../Core/Src/main.c:229:6:FRAM_Read	32	static
../Core/Src/main.c:258:10:CRC32_Calculate	32	static
../Core/Src/main.c:291:19:Flash_ErasePages	160	static
../Core/Src/main.c:349:19:RestoreAppFromFRAM	376	static
../Core/Src/main.c:435:19:JumpToApplication	88	static,ignoring_inline_asm
../Core/Src/main.c:513:6:Bootloader_Run	104	static
../Core/Src/main.c:582:6:Bootloader_Run_Debug	8	static
../Core/Src/main.c:597:5:main	8	static
../Core/Src/main.c:647:6:SystemClock_Config	80	static
../Core/Src/main.c:690:13:MX_IWDG_Init	8	static
../Core/Src/main.c:718:13:MX_SPI2_Init	8	static
../Core/Src/main.c:756:13:MX_UART4_Init	8	static
../Core/Src/main.c:789:13:MX_GPIO_Init	48	static
../Core/Src/main.c:825:6:Error_Handler	8	static,ignoring_inline_asm
