../Core/Src/main.c:201:7:Log	16	static
../Core/Src/main.c:221:7:log_hex	64	static
../Core/Src/main.c:249:6:FRAM_Read	32	static
../Core/Src/main.c:278:10:CRC32_Calculate	32	static
../Core/Src/main.c:311:19:Flash_ErasePages	64	static
../Core/Src/main.c:361:26:RestoreAppFromFRAM	312	static
../Core/Src/main.c:440:19:JumpToApplication	24	static,ignoring_inline_asm
../Core/Src/main.c:514:6:Bootloader_Run	32	static
../Core/Src/main.c:602:6:Bootloader_Run_Debug	24	static
../Core/Src/main.c:628:5:main	8	static
../Core/Src/main.c:678:6:SystemClock_Config	80	static
../Core/Src/main.c:721:13:MX_IWDG_Init	8	static
../Core/Src/main.c:749:13:MX_SPI2_Init	8	static
../Core/Src/main.c:787:13:MX_UART4_Init	8	static
../Core/Src/main.c:820:13:MX_GPIO_Init	48	static
../Core/Src/main.c:856:6:Error_Handler	8	static,ignoring_inline_asm
